2026-09-20 11:40:45.380: [INFO] CurrentProfilePath: D:\SOA_Project\Backend\.metadata\.plugins\org.eclipse.swt\EBWebView\Default
2026-09-20 11:40:45.380: [INFO] Profiles total count: 1
2026-09-20 11:40:45.380: [INFO] Profile: name=Profile 1 path=D:\SOA_Project\Backend\.metadata\.plugins\org.eclipse.swt\EBWebView\Default lastActive=null
2026-09-20 11:40:45.380: [INFO] LastUsedProfileDir: D:\SOA_Project\Backend\.metadata\.plugins\org.eclipse.swt\EBWebView\Default
2026-09-20 11:40:45.380: [INFO] OnDoneLoading sync enabled: 0
2026-09-20 11:40:45.380: [INFO] BookmarkModelLoaded, ids_reassigned: 0
2026-09-20 11:40:45.380: [INFO] BookmarksLoadDropped droppedNodes=0
2026-09-20 11:40:45.380: [INFO] BookmarksSnapshot Startup total=0 bar=0 other=0 mobile=0 showBar=0 showBarNTP=1
2026-09-20 11:40:45.458: [INFO] BookmarksSnapshot Shutdown total=0 bar=0 other=0 mobile=0 showBar=0 showBarNTP=1
2026-09-20 11:42:35.416: [INFO] CurrentProfilePath: D:\SOA_Project\Backend\.metadata\.plugins\org.eclipse.swt\EBWebView\Default
2026-09-20 11:42:35.416: [INFO] Profiles total count: 1
2026-09-20 11:42:35.416: [INFO] Profile: name=Profile 1 path=D:\SOA_Project\Backend\.metadata\.plugins\org.eclipse.swt\EBWebView\Default lastActive=null
2026-09-20 11:42:35.416: [INFO] LastUsedProfileDir: D:\SOA_Project\Backend\.metadata\.plugins\org.eclipse.swt\EBWebView\Default
2026-09-20 11:42:35.416: [INFO] OnDoneLoading sync enabled: 0
2026-09-20 11:42:35.416: [INFO] BookmarkModelLoaded, ids_reassigned: 0
2026-09-20 11:42:35.416: [INFO] BookmarksLoadDropped droppedNodes=0
2026-09-20 11:42:35.416: [INFO] BookmarksSnapshot Startup total=0 bar=0 other=0 mobile=0 showBar=0 showBarNTP=1
2026-09-20 11:42:35.529: [INFO] BookmarksSnapshot Shutdown total=0 bar=0 other=0 mobile=0 showBar=0 showBarNTP=1
2026-09-20 11:48:10.149: [INFO] CurrentProfilePath: D:\SOA_Project\Backend\.metadata\.plugins\org.eclipse.swt\EBWebView\Default
2026-09-20 11:48:10.149: [INFO] Profiles total count: 1
2026-09-20 11:48:10.149: [INFO] Profile: name=Profile 1 path=D:\SOA_Project\Backend\.metadata\.plugins\org.eclipse.swt\EBWebView\Default lastActive=null
2026-09-20 11:48:10.149: [INFO] LastUsedProfileDir: D:\SOA_Project\Backend\.metadata\.plugins\org.eclipse.swt\EBWebView\Default
2026-09-20 11:48:10.149: [INFO] OnDoneLoading sync enabled: 0
2026-09-20 11:48:10.149: [INFO] BookmarkModelLoaded, ids_reassigned: 0
2026-09-20 11:48:10.149: [INFO] BookmarksLoadDropped droppedNodes=0
2026-09-20 11:48:10.149: [INFO] BookmarksSnapshot Startup total=0 bar=0 other=0 mobile=0 showBar=0 showBarNTP=1
2026-09-20 11:48:10.236: [INFO] BookmarksSnapshot Shutdown total=0 bar=0 other=0 mobile=0 showBar=0 showBarNTP=1
2026-09-20 11:48:23.061: [INFO] CurrentProfilePath: D:\SOA_Project\Backend\.metadata\.plugins\org.eclipse.swt\EBWebView\Default
2026-09-20 11:48:23.061: [INFO] Profiles total count: 1
2026-09-20 11:48:23.061: [INFO] Profile: name=Profile 1 path=D:\SOA_Project\Backend\.metadata\.plugins\org.eclipse.swt\EBWebView\Default lastActive=null
2026-09-20 11:48:23.061: [INFO] LastUsedProfileDir: D:\SOA_Project\Backend\.metadata\.plugins\org.eclipse.swt\EBWebView\Default
2026-09-20 11:48:23.061: [INFO] OnDoneLoading sync enabled: 0
2026-09-20 11:48:23.061: [INFO] BookmarkModelLoaded, ids_reassigned: 0
2026-09-20 11:48:23.061: [INFO] BookmarksLoadDropped droppedNodes=0
2026-09-20 11:48:23.061: [INFO] BookmarksSnapshot Startup total=0 bar=0 other=0 mobile=0 showBar=0 showBarNTP=1
2026-09-20 11:48:23.123: [INFO] BookmarksSnapshot Shutdown total=0 bar=0 other=0 mobile=0 showBar=0 showBarNTP=1
2026-09-20 11:53:01.263: [INFO] CurrentProfilePath: D:\SOA_Project\Backend\.metadata\.plugins\org.eclipse.swt\EBWebView\Default
2026-09-20 11:53:01.263: [INFO] Profiles total count: 1
2026-09-20 11:53:01.263: [INFO] Profile: name=Profile 1 path=D:\SOA_Project\Backend\.metadata\.plugins\org.eclipse.swt\EBWebView\Default lastActive=null
2026-09-20 11:53:01.263: [INFO] LastUsedProfileDir: D:\SOA_Project\Backend\.metadata\.plugins\org.eclipse.swt\EBWebView\Default
2026-09-20 11:53:01.263: [INFO] OnDoneLoading sync enabled: 0
2026-09-20 11:53:01.263: [INFO] BookmarkModelLoaded, ids_reassigned: 0
2026-09-20 11:53:01.263: [INFO] BookmarksLoadDropped droppedNodes=0
2026-09-20 11:53:01.263: [INFO] BookmarksSnapshot Startup total=0 bar=0 other=0 mobile=0 showBar=0 showBarNTP=1
2026-09-20 11:53:07.239: [INFO] BookmarksSnapshot Shutdown total=0 bar=0 other=0 mobile=0 showBar=0 showBarNTP=1
2026-09-20 11:53:29.047: [INFO] CurrentProfilePath: D:\SOA_Project\Backend\.metadata\.plugins\org.eclipse.swt\EBWebView\Default
2026-09-20 11:53:29.047: [INFO] Profiles total count: 1
2026-09-20 11:53:29.047: [INFO] Profile: name=Profile 1 path=D:\SOA_Project\Backend\.metadata\.plugins\org.eclipse.swt\EBWebView\Default lastActive=null
2026-09-20 11:53:29.047: [INFO] LastUsedProfileDir: D:\SOA_Project\Backend\.metadata\.plugins\org.eclipse.swt\EBWebView\Default
2026-09-20 11:53:29.047: [INFO] OnDoneLoading sync enabled: 0
2026-09-20 11:53:29.047: [INFO] BookmarkModelLoaded, ids_reassigned: 0
2026-09-20 11:53:29.047: [INFO] BookmarksLoadDropped droppedNodes=0
2026-09-20 11:53:29.047: [INFO] BookmarksSnapshot Startup total=0 bar=0 other=0 mobile=0 showBar=0 showBarNTP=1
2026-09-20 12:18:00.334: [INFO] BookmarksSnapshot Shutdown total=0 bar=0 other=0 mobile=0 showBar=0 showBarNTP=1
2026-09-20 14:59:02.277: [INFO] CurrentProfilePath: D:\SOA_Project\Backend\.metadata\.plugins\org.eclipse.swt\EBWebView\Default
2026-09-20 14:59:02.277: [INFO] Profiles total count: 1
2026-09-20 14:59:02.278: [INFO] Profile: name=Profile 1 path=D:\SOA_Project\Backend\.metadata\.plugins\org.eclipse.swt\EBWebView\Default lastActive=2026-09-20T11:53:30.982Z
2026-09-20 14:59:02.278: [INFO] LastUsedProfileDir: D:\SOA_Project\Backend\.metadata\.plugins\org.eclipse.swt\EBWebView\Default
2026-09-20 14:59:02.278: [INFO] MostRecentlyActiveProfile: name=Profile 1 path=D:\SOA_Project\Backend\.metadata\.plugins\org.eclipse.swt\EBWebView\Default lastActive=2026-09-20T11:53:30.982Z
2026-09-20 14:59:02.278: [INFO] OnDoneLoading sync enabled: 0
2026-09-20 14:59:02.278: [INFO] BookmarkModelLoaded, ids_reassigned: 0
2026-09-20 14:59:02.278: [INFO] BookmarksLoadDropped droppedNodes=0
2026-09-20 14:59:02.278: [INFO] BookmarksSnapshot Startup total=0 bar=0 other=0 mobile=0 showBar=0 showBarNTP=1
2026-09-20 15:00:01.625: [INFO] BookmarksSnapshot Shutdown total=0 bar=0 other=0 mobile=0 showBar=0 showBarNTP=1
2026-09-20 15:10:25.890: [INFO] CurrentProfilePath: D:\SOA_Project\Backend\.metadata\.plugins\org.eclipse.swt\EBWebView\Default
2026-09-20 15:10:25.890: [INFO] Profiles total count: 1
2026-09-20 15:10:25.890: [INFO] Profile: name=Profile 1 path=D:\SOA_Project\Backend\.metadata\.plugins\org.eclipse.swt\EBWebView\Default lastActive=2026-09-20T11:53:30.982Z
2026-09-20 15:10:25.890: [INFO] LastUsedProfileDir: D:\SOA_Project\Backend\.metadata\.plugins\org.eclipse.swt\EBWebView\Default
2026-09-20 15:10:25.891: [INFO] MostRecentlyActiveProfile: name=Profile 1 path=D:\SOA_Project\Backend\.metadata\.plugins\org.eclipse.swt\EBWebView\Default lastActive=2026-09-20T11:53:30.982Z
2026-09-20 15:10:25.891: [INFO] OnDoneLoading sync enabled: 0
2026-09-20 15:10:25.891: [INFO] BookmarkModelLoaded, ids_reassigned: 0
2026-09-20 15:10:25.891: [INFO] BookmarksLoadDropped droppedNodes=0
2026-09-20 15:10:25.891: [INFO] BookmarksSnapshot Startup total=0 bar=0 other=0 mobile=0 showBar=0 showBarNTP=1
2026-09-20 15:21:12.504: [INFO] BookmarksSnapshot Shutdown total=0 bar=0 other=0 mobile=0 showBar=0 showBarNTP=1
2026-09-20 18:11:51.581: [INFO] CurrentProfilePath: D:\SOA_Project\Backend\.metadata\.plugins\org.eclipse.swt\EBWebView\Default
2026-09-20 18:11:51.581: [INFO] Profiles total count: 1
2026-09-20 18:11:51.581: [INFO] Profile: name=Profile 1 path=D:\SOA_Project\Backend\.metadata\.plugins\org.eclipse.swt\EBWebView\Default lastActive=2026-09-20T11:53:30.982Z
2026-09-20 18:11:51.581: [INFO] LastUsedProfileDir: D:\SOA_Project\Backend\.metadata\.plugins\org.eclipse.swt\EBWebView\Default
2026-09-20 18:11:51.581: [INFO] MostRecentlyActiveProfile: name=Profile 1 path=D:\SOA_Project\Backend\.metadata\.plugins\org.eclipse.swt\EBWebView\Default lastActive=2026-09-20T11:53:30.982Z
2026-09-20 18:11:51.581: [INFO] OnDoneLoading sync enabled: 0
2026-09-20 18:11:51.581: [INFO] BookmarkModelLoaded, ids_reassigned: 0
2026-09-20 18:11:51.581: [INFO] BookmarksLoadDropped droppedNodes=0
2026-09-20 18:11:51.581: [INFO] BookmarksSnapshot Startup total=0 bar=0 other=0 mobile=0 showBar=0 showBarNTP=1
2026-09-20 18:58:26.281: [INFO] BookmarksSnapshot Shutdown total=0 bar=0 other=0 mobile=0 showBar=0 showBarNTP=1
2026-09-21 07:07:28.054: [INFO] CurrentProfilePath: D:\SOA_Project\Backend\.metadata\.plugins\org.eclipse.swt\EBWebView\Default
2026-09-21 07:07:28.054: [INFO] Profiles total count: 1
2026-09-21 07:07:28.054: [INFO] Profile: name=Profile 1 path=D:\SOA_Project\Backend\.metadata\.plugins\org.eclipse.swt\EBWebView\Default lastActive=2026-09-20T11:53:30.982Z
2026-09-21 07:07:28.054: [INFO] LastUsedProfileDir: D:\SOA_Project\Backend\.metadata\.plugins\org.eclipse.swt\EBWebView\Default
2026-09-21 07:07:28.054: [INFO] MostRecentlyActiveProfile: name=Profile 1 path=D:\SOA_Project\Backend\.metadata\.plugins\org.eclipse.swt\EBWebView\Default lastActive=2026-09-20T11:53:30.982Z
2026-09-21 07:07:28.054: [INFO] OnDoneLoading sync enabled: 0
2026-09-21 07:07:28.054: [INFO] BookmarkModelLoaded, ids_reassigned: 0
2026-09-21 07:07:28.054: [INFO] BookmarksLoadDropped droppedNodes=0
2026-09-21 07:07:28.054: [INFO] BookmarksSnapshot Startup total=0 bar=0 other=0 mobile=0 showBar=0 showBarNTP=1
2026-09-21 07:33:47.327: [INFO] BookmarksSnapshot Shutdown total=0 bar=0 other=0 mobile=0 showBar=0 showBarNTP=1
